{
  "comparisons": [
    {
      "benchmark_id": "science.similarity-distance.v1",
      "comparability_classification": "COMPARABLE",
      "execution_mode": "native",
      "implementation": "c",
      "input_id": "similarity-distance-64-8192",
      "loops_per_sample": 4000,
      "measurement_scope": "kernel",
      "median_ns": 208553581.0,
      "median_ns_per_loop": 52138.39525,
      "normalized_ratio": 1.0,
      "optimization_mode": "O2",
      "phase": "end_to_end",
      "process_launches_per_sample": 1,
      "reference_execution_mode": "native",
      "reference_implementation": "c",
      "reference_measurement_scope": "kernel",
      "reference_optimization_mode": "O2"
    },
    {
      "benchmark_id": "science.similarity-distance.v1",
      "comparability_classification": "COMPARABLE",
      "execution_mode": "interpreted",
      "implementation": "python-reference",
      "input_id": "similarity-distance-64-8192",
      "loops_per_sample": 64,
      "measurement_scope": "kernel",
      "median_ns": 272774729.0,
      "median_ns_per_loop": 4262105.140625,
      "normalized_ratio": 81.74599774673732,
      "optimization_mode": "reference",
      "phase": "end_to_end",
      "process_launches_per_sample": 1,
      "reference_execution_mode": "native",
      "reference_implementation": "c",
      "reference_measurement_scope": "kernel",
      "reference_optimization_mode": "O2"
    },
    {
      "benchmark_id": "science.similarity-distance.v1",
      "comparability_classification": "COMPARABLE",
      "execution_mode": "native",
      "implementation": "rust",
      "input_id": "similarity-distance-64-8192",
      "loops_per_sample": 5000,
      "measurement_scope": "kernel",
      "median_ns": 245072905.0,
      "median_ns_per_loop": 49014.581,
      "normalized_ratio": 0.9400861066969644,
      "optimization_mode": "opt-level=2",
      "phase": "end_to_end",
      "process_launches_per_sample": 1,
      "reference_execution_mode": "native",
      "reference_implementation": "c",
      "reference_measurement_scope": "kernel",
      "reference_optimization_mode": "O2"
    },
    {
      "benchmark_id": "science.similarity-distance.v1",
      "comparability_classification": "COMPARABLE",
      "execution_mode": "native",
      "implementation": "zig",
      "input_id": "similarity-distance-64-8192",
      "loops_per_sample": 4000,
      "measurement_scope": "kernel",
      "median_ns": 207455778.0,
      "median_ns_per_loop": 51863.9445,
      "normalized_ratio": 0.9947361105249973,
      "optimization_mode": "ReleaseFast",
      "phase": "end_to_end",
      "process_launches_per_sample": 1,
      "reference_execution_mode": "native",
      "reference_implementation": "c",
      "reference_measurement_scope": "kernel",
      "reference_optimization_mode": "O2"
    },
    {
      "benchmark_id": "science.similarity-distance.v1",
      "comparability_classification": "NOT_COMPARABLE",
      "execution_mode": "native",
      "implementation": "s3",
      "input_id": "similarity-distance-64-8192",
      "loops_per_sample": 1,
      "measurement_scope": "process",
      "median_ns": 11269447.0,
      "median_ns_per_loop": 11269447.0,
      "normalized_ratio": null,
      "optimization_mode": "O1",
      "phase": "end_to_end",
      "process_launches_per_sample": 1,
      "reference_execution_mode": null,
      "reference_implementation": null,
      "reference_measurement_scope": null,
      "reference_optimization_mode": null
    },
    {
      "benchmark_id": "science.statistics-matrix.v1",
      "comparability_classification": "COMPARABLE",
      "execution_mode": "native",
      "implementation": "c",
      "input_id": "statistics-matrix-64-8192",
      "loops_per_sample": 3000,
      "measurement_scope": "kernel",
      "median_ns": 232125251.0,
      "median_ns_per_loop": 77375.08366666667,
      "normalized_ratio": 1.0,
      "optimization_mode": "O2",
      "phase": "end_to_end",
      "process_launches_per_sample": 1,
      "reference_execution_mode": "native",
      "reference_implementation": "c",
      "reference_measurement_scope": "kernel",
      "reference_optimization_mode": "O2"
    },
    {
      "benchmark_id": "science.statistics-matrix.v1",
      "comparability_classification": "COMPARABLE",
      "execution_mode": "interpreted",
      "implementation": "python-reference",
      "input_id": "statistics-matrix-64-8192",
      "loops_per_sample": 48,
      "measurement_scope": "kernel",
      "median_ns": 201077449.0,
      "median_ns_per_loop": 4189113.5208333335,
      "normalized_ratio": 54.14034237274772,
      "optimization_mode": "reference",
      "phase": "end_to_end",
      "process_launches_per_sample": 1,
      "reference_execution_mode": "native",
      "reference_implementation": "c",
      "reference_measurement_scope": "kernel",
      "reference_optimization_mode": "O2"
    },
    {
      "benchmark_id": "science.statistics-matrix.v1",
      "comparability_classification": "COMPARABLE",
      "execution_mode": "native",
      "implementation": "rust",
      "input_id": "statistics-matrix-64-8192",
      "loops_per_sample": 3000,
      "measurement_scope": "kernel",
      "median_ns": 224124344.0,
      "median_ns_per_loop": 74708.11466666666,
      "normalized_ratio": 0.9655319403402604,
      "optimization_mode": "opt-level=2",
      "phase": "end_to_end",
      "process_launches_per_sample": 1,
      "reference_execution_mode": "native",
      "reference_implementation": "c",
      "reference_measurement_scope": "kernel",
      "reference_optimization_mode": "O2"
    },
    {
      "benchmark_id": "science.statistics-matrix.v1",
      "comparability_classification": "COMPARABLE",
      "execution_mode": "native",
      "implementation": "zig",
      "input_id": "statistics-matrix-64-8192",
      "loops_per_sample": 3000,
      "measurement_scope": "kernel",
      "median_ns": 227930631.0,
      "median_ns_per_loop": 75976.877,
      "normalized_ratio": 0.9819294971920136,
      "optimization_mode": "ReleaseFast",
      "phase": "end_to_end",
      "process_launches_per_sample": 1,
      "reference_execution_mode": "native",
      "reference_implementation": "c",
      "reference_measurement_scope": "kernel",
      "reference_optimization_mode": "O2"
    },
    {
      "benchmark_id": "science.statistics-matrix.v1",
      "comparability_classification": "NOT_COMPARABLE",
      "execution_mode": "native",
      "implementation": "s3",
      "input_id": "statistics-matrix-64-8192",
      "loops_per_sample": 1,
      "measurement_scope": "process",
      "median_ns": 15821125.0,
      "median_ns_per_loop": 15821125.0,
      "normalized_ratio": null,
      "optimization_mode": "O1",
      "phase": "end_to_end",
      "process_launches_per_sample": 1,
      "reference_execution_mode": null,
      "reference_implementation": null,
      "reference_measurement_scope": null,
      "reference_optimization_mode": null
    }
  ],
  "results": [
    {
      "architecture": "x86_64",
      "artifact_metrics": {
        "executable_bytes": 20568,
        "source_bytes": 8402
      },
      "artifact_size_bytes": 20568,
      "benchmark_id": "science.similarity-distance.v1",
      "calibration_attempts": 5,
      "campaign": "1.3-scientific-compute-engine",
      "category": "scientific-compute",
      "coefficient_of_variation": 0.03545261471807783,
      "comparability_classification": "COMPARABLE",
      "compile_duration_ns": 248962818,
      "compiler_flags": [
        "-O2",
        "-std=c11",
        "-fno-strict-overflow"
      ],
      "compiler_name": "clang",
      "compiler_version": "Ubuntu clang version 21.1.8 (6ubuntu1)",
      "correctness_status": "verified",
      "cpu_model": null,
      "end_to_end_duration_ns": 219408273,
      "execution_mode": "native",
      "expected_checksum": "29356",
      "implementation": "c",
      "input_id": "similarity-distance-64-8192",
      "input_size": 9536,
      "kernel_duration_ns": null,
      "link_duration_ns": 43839129,
      "linker": "clang",
      "logical_cpu_count": 3,
      "loops_per_sample": 4000,
      "maximum_ns": 224724715,
      "mean_ns": 211935836.42857143,
      "measurement_scope": "kernel",
      "median_ns": 208553581.0,
      "minimum_ns": 203934932,
      "notes": [],
      "observed_checksum": "29356",
      "operating_system": "Linux",
      "optimization_mode": "O2",
      "peak_memory_bytes": null,
      "percentile_95_ns": 224724715,
      "phase": "end_to_end",
      "phase_status": {
        "build": "complete",
        "calibrate": "complete",
        "compare": "pending",
        "discover": "complete",
        "export": "pending",
        "measure": "complete",
        "render_report": "pending",
        "summarize": "complete",
        "verify": "complete",
        "warmup": "complete"
      },
      "physical_cpu_count": null,
      "process_launches_per_sample": 1,
      "python_version": "3.14.4",
      "raw_durations_ns": [
        203934932,
        207422370,
        207108799,
        208553581,
        212398185,
        224724715,
        219408273
      ],
      "repository_dirty": false,
      "repository_sha": "adaff49a97c242cd00b15fee4ade565ed0768af2",
      "runner_type": "controlled-linux",
      "sample_count": 7,
      "schema_version": "1.0.0",
      "standard_deviation_ns": 7513679.553855706,
      "startup_duration_ns": null,
      "status": "measured",
      "suite": "portable",
      "timestamp_utc": "2026-09-25T15:44:14.404528+00:00",
      "total_memory_bytes": 8634437632,
      "warmup_count": 2,
      "workload_version": "1.0.0"
    },
    {
      "architecture": "x86_64",
      "artifact_metrics": {
        "source_bytes": 4203
      },
      "artifact_size_bytes": 4203,
      "benchmark_id": "science.similarity-distance.v1",
      "calibration_attempts": 4,
      "campaign": "1.3-scientific-compute-engine",
      "category": "scientific-compute",
      "coefficient_of_variation": 0.035432304410563775,
      "comparability_classification": "COMPARABLE",
      "compile_duration_ns": null,
      "compiler_flags": [],
      "compiler_name": "CPython",
      "compiler_version": "3.14.4",
      "correctness_status": "verified",
      "cpu_model": null,
      "end_to_end_duration_ns": 295994982,
      "execution_mode": "interpreted",
      "expected_checksum": "29356",
      "implementation": "python-reference",
      "input_id": "similarity-distance-64-8192",
      "input_size": 9536,
      "kernel_duration_ns": null,
      "link_duration_ns": null,
      "linker": null,
      "logical_cpu_count": 3,
      "loops_per_sample": 64,
      "maximum_ns": 295994982,
      "mean_ns": 275425001.5714286,
      "measurement_scope": "kernel",
      "median_ns": 272774729.0,
      "minimum_ns": 267494222,
      "notes": [
        "interpreted reference; compile and link phases are unavailable"
      ],
      "observed_checksum": "29356",
      "operating_system": "Linux",
      "optimization_mode": "reference",
      "peak_memory_bytes": null,
      "percentile_95_ns": 295994982,
      "phase": "end_to_end",
      "phase_status": {
        "build": "complete",
        "calibrate": "complete",
        "compare": "pending",
        "discover": "complete",
        "export": "pending",
        "measure": "complete",
        "render_report": "pending",
        "summarize": "complete",
        "verify": "complete",
        "warmup": "complete"
      },
      "physical_cpu_count": null,
      "process_launches_per_sample": 1,
      "python_version": "3.14.4",
      "raw_durations_ns": [
        270629164,
        272774729,
        267494222,
        268153047,
        276055637,
        276873230,
        295994982
      ],
      "repository_dirty": false,
      "repository_sha": "adaff49a97c242cd00b15fee4ade565ed0768af2",
      "runner_type": "controlled-linux",
      "sample_count": 7,
      "schema_version": "1.0.0",
      "standard_deviation_ns": 9758942.497958865,
      "startup_duration_ns": null,
      "status": "measured",
      "suite": "portable",
      "timestamp_utc": "2026-09-25T15:44:16.937603+00:00",
      "total_memory_bytes": 8634437632,
      "warmup_count": 2,
      "workload_version": "1.0.0"
    },
    {
      "architecture": "x86_64",
      "artifact_metrics": {
        "executable_bytes": 11816560,
        "source_bytes": 5750
      },
      "artifact_size_bytes": 11816560,
      "benchmark_id": "science.similarity-distance.v1",
      "calibration_attempts": 5,
      "campaign": "1.3-scientific-compute-engine",
      "category": "scientific-compute",
      "coefficient_of_variation": 0.2784422590506267,
      "comparability_classification": "COMPARABLE",
      "compile_duration_ns": 1188864478,
      "compiler_flags": [
        "-C",
        "opt-level=2",
        "-C",
        "overflow-checks=on",
        "-C",
        "panic=abort"
      ],
      "compiler_name": "rustc",
      "compiler_version": "rustc 1.93.1 (01f6ddf75 2026-02-11) (built from a source tarball)",
      "correctness_status": "verified",
      "cpu_model": null,
      "end_to_end_duration_ns": 445728410,
      "execution_mode": "native",
      "expected_checksum": "29356",
      "implementation": "rust",
      "input_id": "similarity-distance-64-8192",
      "input_size": 9536,
      "kernel_duration_ns": null,
      "link_duration_ns": null,
      "linker": null,
      "logical_cpu_count": 3,
      "loops_per_sample": 5000,
      "maximum_ns": 445728410,
      "mean_ns": 273308756.5714286,
      "measurement_scope": "kernel",
      "median_ns": 245072905.0,
      "minimum_ns": 240047832,
      "notes": [
        "compiler driver includes link phase",
        "high variability: coefficient of variation exceeds 0.10"
      ],
      "observed_checksum": "29356",
      "operating_system": "Linux",
      "optimization_mode": "opt-level=2",
      "peak_memory_bytes": null,
      "percentile_95_ns": 445728410,
      "phase": "end_to_end",
      "phase_status": {
        "build": "complete",
        "calibrate": "complete",
        "compare": "pending",
        "discover": "complete",
        "export": "pending",
        "measure": "complete",
        "render_report": "pending",
        "summarize": "complete",
        "verify": "complete",
        "warmup": "complete"
      },
      "physical_cpu_count": null,
      "process_launches_per_sample": 1,
      "python_version": "3.14.4",
      "raw_durations_ns": [
        241510373,
        244813281,
        245644906,
        240047832,
        250343589,
        245072905,
        445728410
      ],
      "repository_dirty": false,
      "repository_sha": "adaff49a97c242cd00b15fee4ade565ed0768af2",
      "runner_type": "controlled-linux",
      "sample_count": 7,
      "schema_version": "1.0.0",
      "standard_deviation_ns": 76100707.59806639,
      "startup_duration_ns": null,
      "status": "measured",
      "suite": "portable",
      "timestamp_utc": "2026-09-25T15:44:20.371596+00:00",
      "total_memory_bytes": 8634437632,
      "warmup_count": 2,
      "workload_version": "1.0.0"
    },
    {
      "architecture": "x86_64",
      "artifact_metrics": {
        "assembly_bytes": 2043734,
        "elf_bytes": 830832,
        "native_instruction_budget_mode": "per-instruction",
        "native_max_instructions": 50000000,
        "source_bytes": 3177
      },
      "artifact_size_bytes": 830832,
      "benchmark_id": "science.similarity-distance.v1",
      "calibration_attempts": 0,
      "campaign": "1.3-scientific-compute-engine",
      "category": "scientific-compute",
      "coefficient_of_variation": 0.07548881383512955,
      "comparability_classification": "NOT_COMPARABLE",
      "compile_duration_ns": 491231523,
      "compiler_flags": [
        "O1",
        "native-max-instructions=50000000",
        "native-instruction-budget-mode=per-instruction"
      ],
      "compiler_name": "cc",
      "compiler_version": "cc (Ubuntu 15.2.0-16ubuntu1) 15.2.0",
      "correctness_status": "verified",
      "cpu_model": null,
      "end_to_end_duration_ns": 12788379,
      "execution_mode": "native",
      "expected_checksum": "29356",
      "implementation": "s3",
      "input_id": "similarity-distance-64-8192",
      "input_size": 9536,
      "kernel_duration_ns": null,
      "link_duration_ns": 132969636,
      "linker": "/usr/bin/ld",
      "logical_cpu_count": 3,
      "loops_per_sample": 1,
      "maximum_ns": 12788379,
      "mean_ns": 11733621.57142857,
      "measurement_scope": "process",
      "median_ns": 11269447.0,
      "minimum_ns": 10516453,
      "notes": [
        "no compatible reference with the same measurement_scope; process/startup timing cannot be normalized against kernel timing"
      ],
      "observed_checksum": "29356",
      "operating_system": "Linux",
      "optimization_mode": "O1",
      "peak_memory_bytes": null,
      "percentile_95_ns": 12788379,
      "phase": "end_to_end",
      "phase_status": {
        "build": "complete",
        "calibrate": "complete",
        "compare": "pending",
        "discover": "complete",
        "export": "pending",
        "measure": "complete",
        "render_report": "pending",
        "summarize": "complete",
        "verify": "complete",
        "warmup": "complete"
      },
      "physical_cpu_count": null,
      "process_launches_per_sample": 1,
      "python_version": "3.14.4",
      "raw_durations_ns": [
        11269447,
        11183749,
        11256308,
        10516453,
        12549210,
        12571805,
        12788379
      ],
      "repository_dirty": false,
      "repository_sha": "adaff49a97c242cd00b15fee4ade565ed0768af2",
      "runner_type": "controlled-linux",
      "sample_count": 7,
      "schema_version": "1.0.0",
      "standard_deviation_ns": 885757.1744174316,
      "startup_duration_ns": null,
      "status": "measured",
      "suite": "portable",
      "timestamp_utc": "2026-09-25T15:44:21.131146+00:00",
      "total_memory_bytes": 8634437632,
      "warmup_count": 2,
      "workload_version": "1.0.0"
    },
    {
      "architecture": "x86_64",
      "artifact_metrics": {
        "executable_bytes": 879192,
        "source_bytes": 7310
      },
      "artifact_size_bytes": 879192,
      "benchmark_id": "science.similarity-distance.v1",
      "calibration_attempts": 5,
      "campaign": "1.3-scientific-compute-engine",
      "category": "scientific-compute",
      "coefficient_of_variation": 0.03468570498164924,
      "comparability_classification": "COMPARABLE",
      "compile_duration_ns": 851439400,
      "compiler_flags": [
        "-O",
        "ReleaseFast"
      ],
      "compiler_name": "zig",
      "compiler_version": "0.14.1",
      "correctness_status": "verified",
      "cpu_model": null,
      "end_to_end_duration_ns": 203819815,
      "execution_mode": "native",
      "expected_checksum": "29356",
      "implementation": "zig",
      "input_id": "similarity-distance-64-8192",
      "input_size": 9536,
      "kernel_duration_ns": null,
      "link_duration_ns": null,
      "linker": null,
      "logical_cpu_count": 3,
      "loops_per_sample": 4000,
      "maximum_ns": 214390655,
      "mean_ns": 206370468.14285713,
      "measurement_scope": "kernel",
      "median_ns": 207455778.0,
      "minimum_ns": 197117923,
      "notes": [
        "compiler driver includes link phase"
      ],
      "observed_checksum": "29356",
      "operating_system": "Linux",
      "optimization_mode": "ReleaseFast",
      "peak_memory_bytes": null,
      "percentile_95_ns": 214390655,
      "phase": "end_to_end",
      "phase_status": {
        "build": "complete",
        "calibrate": "complete",
        "compare": "pending",
        "discover": "complete",
        "export": "pending",
        "measure": "complete",
        "render_report": "pending",
        "summarize": "complete",
        "verify": "complete",
        "warmup": "complete"
      },
      "physical_cpu_count": null,
      "process_launches_per_sample": 1,
      "python_version": "3.14.4",
      "raw_durations_ns": [
        213886849,
        214390655,
        197569404,
        197117923,
        210352853,
        207455778,
        203819815
      ],
      "repository_dirty": false,
      "repository_sha": "adaff49a97c242cd00b15fee4ade565ed0768af2",
      "runner_type": "controlled-linux",
      "sample_count": 7,
      "schema_version": "1.0.0",
      "standard_deviation_ns": 7158105.174927985,
      "startup_duration_ns": null,
      "status": "measured",
      "suite": "portable",
      "timestamp_utc": "2026-09-25T15:44:23.727432+00:00",
      "total_memory_bytes": 8634437632,
      "warmup_count": 2,
      "workload_version": "1.0.0"
    },
    {
      "architecture": "x86_64",
      "artifact_metrics": {
        "executable_bytes": 20568,
        "source_bytes": 8402
      },
      "artifact_size_bytes": 20568,
      "benchmark_id": "science.statistics-matrix.v1",
      "calibration_attempts": 5,
      "campaign": "1.3-scientific-compute-engine",
      "category": "scientific-compute",
      "coefficient_of_variation": 0.054073243718265995,
      "comparability_classification": "COMPARABLE",
      "compile_duration_ns": 223601093,
      "compiler_flags": [
        "-O2",
        "-std=c11",
        "-fno-strict-overflow"
      ],
      "compiler_name": "clang",
      "compiler_version": "Ubuntu clang version 21.1.8 (6ubuntu1)",
      "correctness_status": "verified",
      "cpu_model": null,
      "end_to_end_duration_ns": 257075605,
      "execution_mode": "native",
      "expected_checksum": "19916",
      "implementation": "c",
      "input_id": "statistics-matrix-64-8192",
      "input_size": 9536,
      "kernel_duration_ns": null,
      "link_duration_ns": 50046853,
      "linker": "clang",
      "logical_cpu_count": 3,
      "loops_per_sample": 3000,
      "maximum_ns": 257075605,
      "mean_ns": 237184249.2857143,
      "measurement_scope": "kernel",
      "median_ns": 232125251.0,
      "minimum_ns": 225911991,
      "notes": [],
      "observed_checksum": "19916",
      "operating_system": "Linux",
      "optimization_mode": "O2",
      "peak_memory_bytes": null,
      "percentile_95_ns": 257075605,
      "phase": "end_to_end",
      "phase_status": {
        "build": "complete",
        "calibrate": "complete",
        "compare": "pending",
        "discover": "complete",
        "export": "pending",
        "measure": "complete",
        "render_report": "pending",
        "summarize": "complete",
        "verify": "complete",
        "warmup": "complete"
      },
      "physical_cpu_count": null,
      "process_launches_per_sample": 1,
      "python_version": "3.14.4",
      "raw_durations_ns": [
        227230342,
        225911991,
        229901687,
        234199695,
        232125251,
        253845174,
        257075605
      ],
      "repository_dirty": false,
      "repository_sha": "adaff49a97c242cd00b15fee4ade565ed0768af2",
      "runner_type": "controlled-linux",
      "sample_count": 7,
      "schema_version": "1.0.0",
      "standard_deviation_ns": 12825321.717760386,
      "startup_duration_ns": null,
      "status": "measured",
      "suite": "portable",
      "timestamp_utc": "2026-09-25T15:44:26.013368+00:00",
      "total_memory_bytes": 8634437632,
      "warmup_count": 2,
      "workload_version": "1.0.0"
    },
    {
      "architecture": "x86_64",
      "artifact_metrics": {
        "source_bytes": 4203
      },
      "artifact_size_bytes": 4203,
      "benchmark_id": "science.statistics-matrix.v1",
      "calibration_attempts": 4,
      "campaign": "1.3-scientific-compute-engine",
      "category": "scientific-compute",
      "coefficient_of_variation": 0.03143856973386236,
      "comparability_classification": "COMPARABLE",
      "compile_duration_ns": null,
      "compiler_flags": [],
      "compiler_name": "CPython",
      "compiler_version": "3.14.4",
      "correctness_status": "verified",
      "cpu_model": null,
      "end_to_end_duration_ns": 201077449,
      "execution_mode": "interpreted",
      "expected_checksum": "19916",
      "implementation": "python-reference",
      "input_id": "statistics-matrix-64-8192",
      "input_size": 9536,
      "kernel_duration_ns": null,
      "link_duration_ns": null,
      "linker": null,
      "logical_cpu_count": 3,
      "loops_per_sample": 48,
      "maximum_ns": 213344280,
      "mean_ns": 201548146.7142857,
      "measurement_scope": "kernel",
      "median_ns": 201077449.0,
      "minimum_ns": 193918679,
      "notes": [
        "interpreted reference; compile and link phases are unavailable"
      ],
      "observed_checksum": "19916",
      "operating_system": "Linux",
      "optimization_mode": "reference",
      "peak_memory_bytes": null,
      "percentile_95_ns": 213344280,
      "phase": "end_to_end",
      "phase_status": {
        "build": "complete",
        "calibrate": "complete",
        "compare": "pending",
        "discover": "complete",
        "export": "pending",
        "measure": "complete",
        "render_report": "pending",
        "summarize": "complete",
        "verify": "complete",
        "warmup": "complete"
      },
      "physical_cpu_count": null,
      "process_launches_per_sample": 1,
      "python_version": "3.14.4",
      "raw_durations_ns": [
        200113402,
        193918679,
        203889833,
        213344280,
        195698156,
        202795228,
        201077449
      ],
      "repository_dirty": false,
      "repository_sha": "adaff49a97c242cd00b15fee4ade565ed0768af2",
      "runner_type": "controlled-linux",
      "sample_count": 7,
      "schema_version": "1.0.0",
      "standard_deviation_ns": 6336385.465207793,
      "startup_duration_ns": null,
      "status": "measured",
      "suite": "portable",
      "timestamp_utc": "2026-09-25T15:44:28.101655+00:00",
      "total_memory_bytes": 8634437632,
      "warmup_count": 2,
      "workload_version": "1.0.0"
    },
    {
      "architecture": "x86_64",
      "artifact_metrics": {
        "executable_bytes": 11816560,
        "source_bytes": 5750
      },
      "artifact_size_bytes": 11816560,
      "benchmark_id": "science.statistics-matrix.v1",
      "calibration_attempts": 5,
      "campaign": "1.3-scientific-compute-engine",
      "category": "scientific-compute",
      "coefficient_of_variation": 0.010197246053134688,
      "comparability_classification": "COMPARABLE",
      "compile_duration_ns": 1161771100,
      "compiler_flags": [
        "-C",
        "opt-level=2",
        "-C",
        "overflow-checks=on",
        "-C",
        "panic=abort"
      ],
      "compiler_name": "rustc",
      "compiler_version": "rustc 1.93.1 (01f6ddf75 2026-02-11) (built from a source tarball)",
      "correctness_status": "verified",
      "cpu_model": null,
      "end_to_end_duration_ns": 225921661,
      "execution_mode": "native",
      "expected_checksum": "19916",
      "implementation": "rust",
      "input_id": "statistics-matrix-64-8192",
      "input_size": 9536,
      "kernel_duration_ns": null,
      "link_duration_ns": null,
      "linker": null,
      "logical_cpu_count": 3,
      "loops_per_sample": 3000,
      "maximum_ns": 226150541,
      "mean_ns": 223780537.85714287,
      "measurement_scope": "kernel",
      "median_ns": 224124344.0,
      "minimum_ns": 219459584,
      "notes": [
        "compiler driver includes link phase"
      ],
      "observed_checksum": "19916",
      "operating_system": "Linux",
      "optimization_mode": "opt-level=2",
      "peak_memory_bytes": null,
      "percentile_95_ns": 226150541,
      "phase": "end_to_end",
      "phase_status": {
        "build": "complete",
        "calibrate": "complete",
        "compare": "pending",
        "discover": "complete",
        "export": "pending",
        "measure": "complete",
        "render_report": "pending",
        "summarize": "complete",
        "verify": "complete",
        "warmup": "complete"
      },
      "physical_cpu_count": null,
      "process_launches_per_sample": 1,
      "python_version": "3.14.4",
      "raw_durations_ns": [
        224343542,
        219459584,
        222415096,
        224048997,
        224124344,
        226150541,
        225921661
      ],
      "repository_dirty": false,
      "repository_sha": "adaff49a97c242cd00b15fee4ade565ed0768af2",
      "runner_type": "controlled-linux",
      "sample_count": 7,
      "schema_version": "1.0.0",
      "standard_deviation_ns": 2281945.206432108,
      "startup_duration_ns": null,
      "status": "measured",
      "suite": "portable",
      "timestamp_utc": "2026-09-25T15:44:31.172820+00:00",
      "total_memory_bytes": 8634437632,
      "warmup_count": 2,
      "workload_version": "1.0.0"
    },
    {
      "architecture": "x86_64",
      "artifact_metrics": {
        "assembly_bytes": 1999906,
        "elf_bytes": 813560,
        "native_instruction_budget_mode": "per-instruction",
        "native_max_instructions": 50000000,
        "source_bytes": 2712
      },
      "artifact_size_bytes": 813560,
      "benchmark_id": "science.statistics-matrix.v1",
      "calibration_attempts": 0,
      "campaign": "1.3-scientific-compute-engine",
      "category": "scientific-compute",
      "coefficient_of_variation": 0.0323007712833355,
      "comparability_classification": "NOT_COMPARABLE",
      "compile_duration_ns": 384906091,
      "compiler_flags": [
        "O1",
        "native-max-instructions=50000000",
        "native-instruction-budget-mode=per-instruction"
      ],
      "compiler_name": "cc",
      "compiler_version": "cc (Ubuntu 15.2.0-16ubuntu1) 15.2.0",
      "correctness_status": "verified",
      "cpu_model": null,
      "end_to_end_duration_ns": 15821125,
      "execution_mode": "native",
      "expected_checksum": "19916",
      "implementation": "s3",
      "input_id": "statistics-matrix-64-8192",
      "input_size": 9536,
      "kernel_duration_ns": null,
      "link_duration_ns": 120309845,
      "linker": "/usr/bin/ld",
      "logical_cpu_count": 3,
      "loops_per_sample": 1,
      "maximum_ns": 16464727,
      "mean_ns": 15706359.714285715,
      "measurement_scope": "process",
      "median_ns": 15821125.0,
      "minimum_ns": 15056089,
      "notes": [
        "no compatible reference with the same measurement_scope; process/startup timing cannot be normalized against kernel timing"
      ],
      "observed_checksum": "19916",
      "operating_system": "Linux",
      "optimization_mode": "O1",
      "peak_memory_bytes": null,
      "percentile_95_ns": 16464727,
      "phase": "end_to_end",
      "phase_status": {
        "build": "complete",
        "calibrate": "complete",
        "compare": "pending",
        "discover": "complete",
        "export": "pending",
        "measure": "complete",
        "render_report": "pending",
        "summarize": "complete",
        "verify": "complete",
        "warmup": "complete"
      },
      "physical_cpu_count": null,
      "process_launches_per_sample": 1,
      "python_version": "3.14.4",
      "raw_durations_ns": [
        15160473,
        15056089,
        15951505,
        15452023,
        16464727,
        16038576,
        15821125
      ],
      "repository_dirty": false,
      "repository_sha": "adaff49a97c242cd00b15fee4ade565ed0768af2",
      "runner_type": "controlled-linux",
      "sample_count": 7,
      "schema_version": "1.0.0",
      "standard_deviation_ns": 507327.53282493755,
      "startup_duration_ns": null,
      "status": "measured",
      "suite": "portable",
      "timestamp_utc": "2026-09-25T15:44:31.853741+00:00",
      "total_memory_bytes": 8634437632,
      "warmup_count": 2,
      "workload_version": "1.0.0"
    },
    {
      "architecture": "x86_64",
      "artifact_metrics": {
        "executable_bytes": 879192,
        "source_bytes": 7310
      },
      "artifact_size_bytes": 879192,
      "benchmark_id": "science.statistics-matrix.v1",
      "calibration_attempts": 5,
      "campaign": "1.3-scientific-compute-engine",
      "category": "scientific-compute",
      "coefficient_of_variation": 0.013165997763906187,
      "comparability_classification": "COMPARABLE",
      "compile_duration_ns": 787306591,
      "compiler_flags": [
        "-O",
        "ReleaseFast"
      ],
      "compiler_name": "zig",
      "compiler_version": "0.14.1",
      "correctness_status": "verified",
      "cpu_model": null,
      "end_to_end_duration_ns": 228872194,
      "execution_mode": "native",
      "expected_checksum": "19916",
      "implementation": "zig",
      "input_id": "statistics-matrix-64-8192",
      "input_size": 9536,
      "kernel_duration_ns": null,
      "link_duration_ns": null,
      "linker": null,
      "logical_cpu_count": 3,
      "loops_per_sample": 3000,
      "maximum_ns": 229423342,
      "mean_ns": 226537790.7142857,
      "measurement_scope": "kernel",
      "median_ns": 227930631.0,
      "minimum_ns": 221680608,
      "notes": [
        "compiler driver includes link phase"
      ],
      "observed_checksum": "19916",
      "operating_system": "Linux",
      "optimization_mode": "ReleaseFast",
      "peak_memory_bytes": null,
      "percentile_95_ns": 229423342,
      "phase": "end_to_end",
      "phase_status": {
        "build": "complete",
        "calibrate": "complete",
        "compare": "pending",
        "discover": "complete",
        "export": "pending",
        "measure": "complete",
        "render_report": "pending",
        "summarize": "complete",
        "verify": "complete",
        "warmup": "complete"
      },
      "physical_cpu_count": null,
      "process_launches_per_sample": 1,
      "python_version": "3.14.4",
      "raw_durations_ns": [
        229423342,
        227930631,
        225098272,
        221680608,
        223935871,
        228823617,
        228872194
      ],
      "repository_dirty": false,
      "repository_sha": "adaff49a97c242cd00b15fee4ade565ed0768af2",
      "runner_type": "controlled-linux",
      "sample_count": 7,
      "schema_version": "1.0.0",
      "standard_deviation_ns": 2982596.045984533,
      "startup_duration_ns": null,
      "status": "measured",
      "suite": "portable",
      "timestamp_utc": "2026-09-25T15:44:34.565762+00:00",
      "total_memory_bytes": 8634437632,
      "warmup_count": 2,
      "workload_version": "1.0.0"
    }
  ],
  "schema_version": "1.0.0"
}
