........................................................................ [  1%]
........................................................................ [  3%]
........................................................................ [  4%]
........................................................................ [  6%]
......................................................................................... [  8%]
........................................................................ [ 10%]
........................F............................................... [ 11%]
........................................................................ [ 13%]
........................................................................ [ 14%]
........................................................................ [ 16%]
........................................................................ [ 18%]
........................................................................ [ 19%]
........................................................................ [ 21%]
........................................................................ [ 22%]
........................................................................ [ 24%]
........................................................................ [ 26%]
........................................................................ [ 27%]
........................................................................ [ 29%]
........................................................................ [ 30%]
........................................................................ [ 32%]
........................................................................ [ 34%]
........................................................................ [ 35%]
......................................s................................. [ 37%]
........................................................................ [ 38%]
........................................................................ [ 40%]
........................................................................ [ 42%]
........................................................................ [ 43%]
........................................................................ [ 45%]
........................................................................ [ 46%]
........................................................................ [ 48%]
........................................................................ [ 50%]
........................................................................ [ 51%]
........................................................................ [ 53%]
........................................................................ [ 55%]
........................................................................ [ 56%]
........................................................................ [ 58%]
........................................................................ [ 59%]
........................................................................ [ 61%]
........................................................................ [ 63%]
........................................................................ [ 64%]
........................................................................ [ 66%]
........................................................................ [ 67%]
........................................................................... [ 69%]
....................................................... [ 70%]
.......... [ 70%]
............................................................... [ 72%]
........................................................................ [ 74%]
........................................................................ [ 75%]
........................................................................ [ 77%]
........................................................................ [ 78%]
........................................................................ [ 80%]
........................................................................ [ 82%]
.........................................................F.............. [ 83%]
........................................................................ [ 85%]
........................................................................ [ 86%]
........................................................................ [ 88%]
........................................................................ [ 90%]
........................................................................ [ 91%]
........................................................................ [ 93%]
........................................................................ [ 94%]
........................................................................ [ 96%]
........................................................................ [ 98%]
........................................................................ [ 99%]
.............                                                            [100%]
=================================== FAILURES ===================================
___ test_default_mode_matches_frozen_register_resident_native_assembly_bytes ___

    def test_default_mode_matches_frozen_register_resident_native_assembly_bytes() -> None:
        expected = {
            "linear": (
                50_164,
                "a7dcff9f819854145a3e0e220d06b72e206f5eb58325add590b3b1bd57a5936d",
            ),
            "loop_call": (
                95_939,
                "61fe0e73c629cd1f0807a8dc91e4e420c3221667645f9943479a60d3d0826d1f",
            ),
            "bounds": (
                68_603,
                "eb77dfd5ac4347f6389a5120964b0c6a52cced8dcee6a0c55d529e8bb92b33e0",
            ),
        }
        sources = {
            "linear": "fn main() -> tryte:\n    return 6\n",
            "loop_call": LOOP_AND_CALL_SOURCE,
            "bounds": BOUNDS_FAILURE_SOURCE,
        }
    
        for name, source in sources.items():
            assembly = generate_native_assembly(compile_source(source, "O0").assembly)
            encoded = assembly.encode("utf-8")
>           assert len(encoded) == expected[name][0]
E           assert 50104 == 50164
E            +  where 50104 = len(b'.intel_syntax noprefix\n# Generated deterministically by the S3 Linux x86-64 backend.\n.section .text\n.globl s3_mai...lots:\n    .zero 24\n    .align 8\n__s3_resource_generations:\n    .zero 24\n\n.section .note.GNU-stack,"",@progbits\n')

tests/test_exact_segment_instruction_budget.py:198: AssertionError
____________ test_available_external_toolchains_match_one_checksum _____________

tmp_path = PosixPath('/tmp/pytest-of-vboxuser/pytest-11/test_available_external_toolch0')

    def test_available_external_toolchains_match_one_checksum(tmp_path):
        detected = detect_toolchains()
        candidates = {
            "c": detected["clang"] if detected["clang"].available else detected["gcc"],
            "rust": detected["rustc"],
            "zig": detected["zig"],
        }
        sample_cases = {
            case.implementation: case for case in _portable_cases()
            if case.benchmark_id == "runtime.scalar.accumulate.v1"
            and case.optimization_mode in {"O0", "opt-level=0", "Debug"}
        }
        for language, toolchain in candidates.items():
            if not toolchain.available:
                continue
            case = sample_cases[language]
            adapter = ExternalCompilerAdapter(language, toolchain)
>           artifact = adapter.build(case, tmp_path / language)
                       ^^^^^^^^^^^^^^^^^^^^^^^^^^^^^^^^^^^^^^^^

tests/test_s3bench_cross_language.py:240: 
_ _ _ _ _ _ _ _ _ _ _ _ _ _ _ _ _ _ _ _ _ _ _ _ _ _ _ _ _ _ _ _ _ _ _ _ _ _ _ _ 
benchmarks/s3bench/adapters.py:415: in build
    _require_command_success(compile_result, "Zig build")
_ _ _ _ _ _ _ _ _ _ _ _ _ _ _ _ _ _ _ _ _ _ _ _ _ _ _ _ _ _ _ _ _ _ _ _ _ _ _ _ 

result = CommandResult(arguments=('/usr/bin/zig', 'build-exe', '/tmp/S3-1.7-candidate-39dfbb5d/benchmarks/implementations/zig/p...able to create compilation: NoSpaceLeft\n', exit_code=1, timed_out=False, output_truncated=False, duration_ns=26959571)
phase = 'Zig build'

    def _require_command_success(result, phase: str) -> None:
        if result.timed_out:
            raise BenchmarkError(f"{phase} timed out")
        if result.output_truncated:
            raise BenchmarkError(f"{phase} output was truncated")
        if result.exit_code != 0:
            details = result.stderr.strip() or result.stdout.strip()
>           raise BenchmarkError(f"{phase} failed with status {result.exit_code}: {details}")
E           benchmarks.s3bench.core.BenchmarkError: Zig build failed with status 1: error: unable to create compilation: NoSpaceLeft

benchmarks/s3bench/adapters.py:488: BenchmarkError
=========================== short test summary info ============================
FAILED tests/test_exact_segment_instruction_budget.py::test_default_mode_matches_frozen_register_resident_native_assembly_bytes
FAILED tests/test_s3bench_cross_language.py::test_available_external_toolchains_match_one_checksum

FULL_SUITE_EXIT=1
